// Jest Snapshot v1, https://goo.gl/fbAQLP

exports[`Menu renders correctly 1`] = `
<div
  className="menu undefined undefined"
>
  <ul
    onClick={[Function]}
  >
    <li>
      <a
        href="/"
        onClick={[Function]}
        onMouseEnter={[Function]}
      >
        top
      </a>
    </li>
    <li>
      <a
        href="https://github.com/moxuse/cv/blob/master/README.md"
        target="blank"
      >
        cv
      </a>
    </li>
    <li>
      <a
        href="/work"
        onClick={[Function]}
        onMouseEnter={[Function]}
      >
        work
      </a>
    </li>
    <li>
      <a
        href="/blog"
        onClick={[Function]}
        onMouseEnter={[Function]}
      >
        blog
      </a>
    </li>
  </ul>
</div>
`;
